[36mvite v8.0.0 [32mbuilding client environment for production...[36m[39m
[2K
transforming...Ô£ô 91 modules transformed.
rendering chunks...
node.exe : [31mÔ£ù[39m Build failed in 
788ms
No C:\Program Files\nodejs\npx.ps1:29 
caractere:3
+   & $NODE_EXE $NPX_CLI_JS $args
+   ~~~~~~~~~~~~~~~~~~~~~~~~~~~~~
    + CategoryInfo          : NotSpecified: 
    ([31mÔ£ù[39m Build failed in 788ms:S  
  tring) [], RemoteException
    + FullyQualifiedErrorId : NativeCommand 
   Error
 
[31merror during build:
[31mBuild failed with 1 error:

[31m[MISSING_EXPORT] Error:[0m 
"FiGripVertical" is not exported by 
"node_modules/react-icons/fi/index.mjs".
   [38;5;246mÔò¡[0m[38;5;246mÔöÇ[0m[38;
5;246m[[0m 
src/pages/BuilderModelo.jsx:4:41 
[38;5;246m][0m
   [38;5;246mÔöé[0m
 [38;5;246m4 Ôöé[0m [38;5;249mi[0m[38;5
;249mm[0m[38;5;249mp[0m[38;5;249mo[0m[
38;5;249mr[0m[38;5;249mt[0m[38;5;249m 
[0m[38;5;249m{[0m[38;5;249m [0m[38;5;2
49mF[0m[38;5;249mi[0m[38;5;249mA[0m[38
;5;249mr[0m[38;5;249mr[0m[38;5;249mo[0m
[38;5;249mw[0m[38;5;249mL[0m[38;5;249me
[0m[38;5;249mf[0m[38;5;249mt[0m[38;5;2
49m,[0m[38;5;249m [0m[38;5;249mF[0m[38
;5;249mi[0m[38;5;249mP[0m[38;5;249ml[0m
[38;5;249mu[0m[38;5;249ms[0m[38;5;249m,
[0m[38;5;249m [0m[38;5;249mF[0m[38;5;2
49mi[0m[38;5;249mT[0m[38;5;249mr[0m[38
;5;249ma[0m[38;5;249ms[0m[38;5;249mh[0m
[38;5;249m2[0m[38;5;249m,[0m[38;5;249m 
[0mFiGripVertical[38;5;249m,[0m[38;5;249
m [0m[38;5;249mF[0m[38;5;249mi[0m[38;5
;249mS[0m[38;5;249ma[0m[38;5;249mv[0m[
38;5;249me[0m[38;5;249m,[0m[38;5;249m [
0m[38;5;249mF[0m[38;5;249mi[0m[38;5;249
mT[0m[38;5;249my[0m[38;5;249mp[0m[38;5
;249me[0m[38;5;249m,[0m[38;5;249m [0m[
38;5;249mF[0m[38;5;249mi[0m[38;5;249mA[
0m[38;5;249ml[0m[38;5;249mi[0m[38;5;249
mg[0m[38;5;249mn[0m[38;5;249mL[0m[38;5
;249me[0m[38;5;249mf[0m[38;5;249mt[0m[
38;5;249m,[0m[38;5;249m [0m[38;5;249mF[
0m[38;5;249mi[0m[38;5;249mL[0m[38;5;249
mi[0m[38;5;249ms[0m[38;5;249mt[0m[38;5
;249m,[0m[38;5;249m [0m[38;5;249mF[0m[
38;5;249mi[0m[38;5;249mC[0m[38;5;249mh[
0m[38;5;249me[0m[38;5;249mc[0m[38;5;249
mk[0m[38;5;249mS[0m[38;5;249mq[0m[38;5
;249mu[0m[38;5;249ma[0m[38;5;249mr[0m[
38;5;249me[0m[38;5;249m,[0m[38;5;249m [
0m[38;5;249mF[0m[38;5;249mi[0m[38;5;249
mC[0m[38;5;249mh[0m[38;5;249me[0m[38;5
;249mv[0m[38;5;249mr[0m[38;5;249mo[0m[
38;5;249mn[0m[38;5;249mD[0m[38;5;249mo[
0m[38;5;249mw[0m[38;5;249mn[0m[38;5;249
m,[0m[38;5;249m [0m[38;5;249mF[0m[38;5
;249mi[0m[38;5;249mC[0m[38;5;249ma[0m[
38;5;249ml[0m[38;5;249me[0m[38;5;249mn[
0m[38;5;249md[0m[38;5;249ma[0m[38;5;249
mr[0m[38;5;249m,[0m[38;5;249m [0m[38;5
;249mF[0m[38;5;249mi[0m[38;5;249mI[0m[
38;5;249mm[0m[38;5;249ma[0m[38;5;249mg[
0m[38;5;249me[0m[38;5;249m,[0m[38;5;249
m [0m[38;5;249mF[0m[38;5;249mi[0m[38;5
;249mT[0m[38;5;249ma[0m[38;5;249mr[0m[
38;5;249mg[0m[38;5;249me[0m[38;5;249mt[
0m[38;5;249m 
[0m[38;5;249m}[0m[38;5;249m [0m[38;5;2
49mf[0m[38;5;249mr[0m[38;5;249mo[0m[38
;5;249mm[0m[38;5;249m [0m[38;5;249m"[0m
[38;5;249mr[0m[38;5;249me[0m[38;5;249ma
[0m[38;5;249mc[0m[38;5;249mt[0m[38;5;2
49m-[0m[38;5;249mi[0m[38;5;249mc[0m[38
;5;249mo[0m[38;5;249mn[0m[38;5;249ms[0m
[38;5;249m/[0m[38;5;249mf[0m[38;5;249mi
[0m[38;5;249m"[0m[38;5;249m;[0m
 [38;5;240m  Ôöé[0m                       
                  
ÔöÇÔöÇÔöÇÔöÇÔöÇÔöÇÔöÇÔö¼ÔöÇÔöÇÔöÇÔöÇÔöÇÔöÇ  
 [38;5;240m  Ôöé[0m                       
                         
Ôò░ÔöÇÔöÇÔöÇÔöÇÔöÇÔöÇÔöÇÔöÇ Missing export
[38;5;246mÔöÇÔöÇÔöÇÔò»[0m
[31m
    at aggregateBindingErrorsIntoJsError (fi
le:///C:/Users/User/ClinicaEstetica/frontend
/node_modules/rolldown/dist/shared/error-CP8
smW_P.mjs:48:18)
    at unwrapBindingResult (file:///C:/Users
/User/ClinicaEstetica/frontend/node_modules/
rolldown/dist/shared/error-CP8smW_P.mjs:18:1
28)
    at #build (file:///C:/Users/User/Clinica
Estetica/frontend/node_modules/rolldown/dist
/shared/rolldown-build-4YnQkA76.mjs:3311:34)
    at async buildEnvironment (file:///C:/Us
ers/User/ClinicaEstetica/frontend/node_modul
es/vite/dist/node/chunks/node.js:32794:64)
    at async Object.build (file:///C:/Users/
User/ClinicaEstetica/frontend/node_modules/v
ite/dist/node/chunks/node.js:33216:19)
    at async Object.buildApp (file:///C:/Use
rs/User/ClinicaEstetica/frontend/node_module
s/vite/dist/node/chunks/node.js:33213:153)
    at async CAC.<anonymous> (file:///C:/Use
rs/User/ClinicaEstetica/frontend/node_module
s/vite/dist/node/cli.js:778:3) {
  errors: [Getter/Setter]
}[39m
